V3 27
FL D:/sykim/notice/yk_sipm_daq/xilinx/ys_sipm_daq_cpld/clock.vhd 2022/02/12.17:05:49 P.40xd
EN work/clock 1644937682 \
      FL D:/sykim/notice/yk_sipm_daq/xilinx/ys_sipm_daq_cpld/clock.vhd \
      PB ieee/std_logic_1164 1350103243 PB ieee/STD_LOGIC_UNSIGNED 1350103247 \
      LB UNISIM PH unisim/VCOMPONENTS 1350103252
AR work/clock/Behavioral 1644937683 \
      FL D:/sykim/notice/yk_sipm_daq/xilinx/ys_sipm_daq_cpld/clock.vhd \
      EN work/clock 1644937682 CP ibuf CP bufg CP obuf
FL D:/sykim/notice/yk_sipm_daq/xilinx/ys_sipm_daq_cpld/download_fpga.vhd 2022/02/13.17:51:05 P.40xd
EN work/download_fpga 1644937686 \
      FL D:/sykim/notice/yk_sipm_daq/xilinx/ys_sipm_daq_cpld/download_fpga.vhd \
      PB ieee/std_logic_1164 1350103243 PB ieee/STD_LOGIC_UNSIGNED 1350103247 \
      LB UNISIM PH unisim/VCOMPONENTS 1350103252
AR work/download_fpga/Behavioral 1644937687 \
      FL D:/sykim/notice/yk_sipm_daq/xilinx/ys_sipm_daq_cpld/download_fpga.vhd \
      EN work/download_fpga 1644937686 CP obuf
FL D:/sykim/notice/yk_sipm_daq/xilinx/ys_sipm_daq_cpld/flash_memory.vhd 2022/02/12.17:17:51 P.40xd
EN work/flash_memory 1644937688 \
      FL D:/sykim/notice/yk_sipm_daq/xilinx/ys_sipm_daq_cpld/flash_memory.vhd \
      PB ieee/std_logic_1164 1350103243 PB ieee/STD_LOGIC_UNSIGNED 1350103247 \
      LB UNISIM PH unisim/VCOMPONENTS 1350103252
AR work/flash_memory/Behavioral 1644937689 \
      FL D:/sykim/notice/yk_sipm_daq/xilinx/ys_sipm_daq_cpld/flash_memory.vhd \
      EN work/flash_memory 1644937688 CP ibuf CP obuf
FL D:/sykim/notice/yk_sipm_daq/xilinx/ys_sipm_daq_cpld/fpga_serial.vhd 2022/02/16.00:07:55 P.40xd
EN work/fpga_serial 1644937690 \
      FL D:/sykim/notice/yk_sipm_daq/xilinx/ys_sipm_daq_cpld/fpga_serial.vhd \
      PB ieee/std_logic_1164 1350103243 PB ieee/STD_LOGIC_UNSIGNED 1350103247 \
      LB UNISIM PH unisim/VCOMPONENTS 1350103252
AR work/fpga_serial/Behavioral 1644937691 \
      FL D:/sykim/notice/yk_sipm_daq/xilinx/ys_sipm_daq_cpld/fpga_serial.vhd \
      EN work/fpga_serial 1644937690 CP ibuf CP obuf
FL D:/sykim/notice/yk_sipm_daq/xilinx/ys_sipm_daq_cpld/get_command.vhd 2022/02/13.17:50:29 P.40xd
EN work/get_command 1644937684 \
      FL D:/sykim/notice/yk_sipm_daq/xilinx/ys_sipm_daq_cpld/get_command.vhd \
      PB ieee/std_logic_1164 1350103243 PB ieee/STD_LOGIC_UNSIGNED 1350103247 \
      LB UNISIM PH unisim/VCOMPONENTS 1350103252
AR work/get_command/Behavioral 1644937685 \
      FL D:/sykim/notice/yk_sipm_daq/xilinx/ys_sipm_daq_cpld/get_command.vhd \
      EN work/get_command 1644937684 CP ibuf CP obuf
FL D:/sykim/notice/yk_sipm_daq/xilinx/ys_sipm_daq_cpld/ys_sipm_daq_cpld.vhd 2022/02/13.17:48:51 P.40xd
EN work/ys_sipm_daq_cpld 1644937692 \
      FL D:/sykim/notice/yk_sipm_daq/xilinx/ys_sipm_daq_cpld/ys_sipm_daq_cpld.vhd \
      PB ieee/std_logic_1164 1350103243 PB ieee/std_logic_arith 1350103244 \
      PB ieee/STD_LOGIC_UNSIGNED 1350103247 LB UNISIM PH unisim/VCOMPONENTS 1350103252
AR work/ys_sipm_daq_cpld/Behavioral 1644937693 \
      FL D:/sykim/notice/yk_sipm_daq/xilinx/ys_sipm_daq_cpld/ys_sipm_daq_cpld.vhd \
      EN work/ys_sipm_daq_cpld 1644937692 CP clock CP get_command CP download_fpga \
      CP flash_memory CP fpga_serial
